<html>
<body>
<pre>
<h1>µVision Build Log</h1>
<h2>Tool Versions:</h2>
IDE-Version: µVision V5.37.0.0
Copyright (C) 2022 ARM Ltd and ARM Germany GmbH. All rights reserved.
License Information: Karolina Klimek, AGH University of Science and Technology, LIC=----
 
Tool Versions:
Toolchain:       MDK-Lite  Version: 5.37.0.0
Toolchain Path:  C:\Keil_v5\ARM\ARMCLANG\Bin
C Compiler:      ArmClang.exe V6.18
Assembler:       Armasm.exe V6.18
Linker/Locator:  ArmLink.exe V6.18
Library Manager: ArmAr.exe V6.18
Hex Converter:   FromElf.exe V6.18
CPU DLL:         SARMCM3.DLL V5.37.0.0
Dialog DLL:      DCM.DLL V1.17.5.0
Target DLL:      UL2CM3.DLL V1.164.7.0
Dialog DLL:      TCM.DLL V1.56.1.0
 
<h2>Project:</h2>
C:\Users\Predator\Downloads\prj_3\prj\SWlib.uvprojx
Project File Date:  01/19/2023

<h2>Output:</h2>
*** Using Compiler 'V6.18', folder: 'C:\Keil_v5\ARM\ARMCLANG\Bin'
Rebuild target 'Target 1'
compiling lpc17xx_libcfg_default.c...
compiling MyUsartFunctions.c...
compiling MyNrfFunctions.c...
compiling MyGuiFunctions.c...
compiling MyJoystickFunctions.c...
compiling lpc17xx_clkpwr.c...
compiling main.c...
compiling cpu_lpc1000.c...
compiling nrf24l01.c...
compiling MyLcdFunctions.c...
compiling lpc17xx_ssp.c...
compiling asciiLib.c...
compiling LCD_ILI9325.c...
compiling Joystick_Open1768.c...
compiling GPIO_LPC17xx.c...
compiling Open1768_LCD.c...
compiling PIN_LPC17xx.c...
assembling startup_LPC17xx.s...
compiling system_LPC17xx.c...
compiling GPDMA_LPC17xx.c...
linking...
Program Size: Code=6652 RO-data=3592 RW-data=12 ZI-data=16764  
".\Objects\SWlib.axf" - 0 Error(s), 0 Warning(s).

<h2>Software Packages used:</h2>

Package Vendor: ARM
                http://www.keil.com/pack/ARM.CMSIS.5.9.0.pack
                ARM.CMSIS.5.9.0
                CMSIS (Common Microcontroller Software Interface Standard)
   * Component: CORE Version: 5.6.0

Package Vendor: Keil
                http://www.keil.com/pack/Keil.LPC1700_DFP.2.7.1.pack
                Keil.LPC1700_DFP.2.7.1
                NXP LPC1700 Series Device Support, Drivers and Examples for MCB1700 and LPC1788-32
   * Component: GPDMA Version: 1.4.0
   * Component: GPIO Version: 1.1.0
   * Component: PIN Version: 1.0.0
   * Component: Startup Version: 1.0.0

Package Vendor: Keil
                http://www.keil.com/pack/Keil.LPC1700_DFP.2.6.1.pack
                Keil.LPC1700_DFP.2.6.1
                NXP LPC1700 Series Device Support, Drivers and Examples for MCB1700, Open1768 and LPC1788-32
   * Component: Joystick Version: 1.0.0

Package Vendor: Keil
                https://www.keil.com/pack/Keil.MDK-Middleware.7.15.0.pack
                Keil.MDK-Middleware.7.15.0
                Middleware for Keil MDK-Professional and MDK-Plus
   * Component: Joystick Version: 1.0.0

<h2>Collection of Component include folders:</h2>
  ./RTE/Device/LPC1768
  ./RTE/_Target_1
  C:/Users/Predator/AppData/Local/Arm/Packs/ARM/CMSIS/5.9.0/CMSIS/Core/Include
  C:/Users/Predator/AppData/Local/Arm/Packs/Keil/LPC1700_DFP/2.7.1/Device/Include
  C:/Users/Predator/AppData/Local/Arm/Packs/Keil/LPC1700_DFP/2.7.1/RTE_Driver
  C:/Users/Predator/AppData/Local/Arm/Packs/Keil/MDK-Middleware/7.15.0/Board

<h2>Collection of Component Files used:</h2>

   * Component: ::Board Support:Joystick:1.0.0 (API)
      Include file:  Board/Board_Joystick.h

   * Component: ARM::CMSIS:CORE:5.6.0

   * Component: Keil.Open1768::Board Support:Joystick:1.0.0
      Source file:   Boards/Waveshare/Open1768/Common/Joystick_Open1768.c

   * Component: Keil::Device:GPDMA:1.4.0
      Source file:   RTE_Driver/GPDMA_LPC17xx.c
      Include file:  RTE_Driver/GPDMA_LPC17xx.h

   * Component: Keil::Device:GPIO:1.1.0
      Include file:  RTE_Driver/GPIO_LPC17xx.h
      Source file:   RTE_Driver/GPIO_LPC17xx.c

   * Component: Keil::Device:PIN:1.0.0
      Include file:  RTE_Driver/PIN_LPC17xx.h
      Source file:   RTE_Driver/PIN_LPC17xx.c

   * Component: Keil::Device:Startup:1.0.0
      Source file:   Device/Source/ARM/startup_LPC17xx.s
      Include file:  Device/Include/LPC17xx.h
      Source file:   Device/Source/system_LPC17xx.c
      Include file:  RTE_Driver/Config/RTE_Device.h
Build Time Elapsed:  00:00:01
</pre>
</body>
</html>
